Welcome to the CBC MILP Solver 
Version: 2.10.3 
Build Date: Dec 15 2019 

command line - /usr/local/lib/python3.11/site-packages/pulp/apis/../solverdir/cbc/linux/i64/cbc dfs-pulp.mps -max -timeMode elapsed -solve -printingOptions all -solution dfs-pulp.sol (default strategy 1)
At line 2 NAME          MODEL
At line 3 ROWS
At line 9282 COLUMNS
At line 64402 RHS
At line 73680 BOUNDS
At line 77082 ENDATA
Problem MODEL has 9277 rows, 3401 columns and 45448 elements
Coin0008I MODEL read with 0 errors
Option for timeMode changed from cpu to elapsed
Continuous objective value is 0.00221082 - 0.67 seconds
Cgl0003I 0 fixed, 0 tightened bounds, 1073 strengthened rows, 0 substitutions
Cgl0003I 0 fixed, 0 tightened bounds, 605 strengthened rows, 0 substitutions
Cgl0003I 0 fixed, 0 tightened bounds, 314 strengthened rows, 0 substitutions
Cgl0003I 0 fixed, 0 tightened bounds, 90 strengthened rows, 0 substitutions
Cgl0003I 0 fixed, 0 tightened bounds, 36 strengthened rows, 0 substitutions
Cgl0003I 0 fixed, 0 tightened bounds, 15 strengthened rows, 0 substitutions
Cgl0003I 0 fixed, 0 tightened bounds, 3 strengthened rows, 0 substitutions
Cgl0003I 0 fixed, 0 tightened bounds, 1 strengthened rows, 0 substitutions
Cgl0004I processed model has 9011 rows, 3395 columns (3395 integer (3391 of which binary)) and 45434 elements
Cbc0038I Initial state - 2064 integers unsatisfied sum - 14.659
Cbc0038I Pass   1: (2.48 seconds) suminf.    0.18182 (2) obj. -0.000105736 iterations 3312
Cbc0038I Solution found of -0.000105736
Cbc0038I Cleaned solution of -0.000105736
Cbc0038I Before mini branch and bound, 1330 integers at bound fixed and 0 continuous
Cbc0038I Full problem 9011 rows 3395 columns, reduced to 6028 rows 2065 columns - 4 fixed gives 1008, 384 - ok now
Cbc0038I Full problem 9011 rows 3395 columns, reduced to 301 rows 117 columns
Cbc0038I Mini branch and bound improved solution from -0.000105736 to -0.000242255 (2.83 seconds)
Cbc0038I Round again with cutoff of -0.000444668
Cbc0038I Reduced cost fixing fixed 362 variables on major pass 2
Cbc0038I Pass   2: (2.89 seconds) suminf.    0.70470 (51) obj. -0.000444668 iterations 223
Cbc0038I Pass   3: (2.90 seconds) suminf.    0.66528 (58) obj. -0.000444668 iterations 51
Cbc0038I Pass   4: (2.95 seconds) suminf.    2.66078 (13) obj. -0.000567621 iterations 231
Cbc0038I Pass   5: (2.98 seconds) suminf.    1.56157 (6) obj. -0.00050787 iterations 400
Cbc0038I Pass   6: (3.00 seconds) suminf.    2.25900 (17) obj. -0.000444668 iterations 169
Cbc0038I Pass   7: (3.01 seconds) suminf.    2.11033 (39) obj. -0.000444668 iterations 59
Cbc0038I Pass   8: (3.03 seconds) suminf.    2.29579 (22) obj. -0.000444668 iterations 116
Cbc0038I Pass   9: (3.06 seconds) suminf.    1.15184 (63) obj. -0.000444668 iterations 166
Cbc0038I Pass  10: (3.08 seconds) suminf.    0.66528 (58) obj. -0.000444668 iterations 140
Cbc0038I Pass  11: (3.11 seconds) suminf.    2.25606 (25) obj. -0.000444668 iterations 185
Cbc0038I Pass  12: (3.13 seconds) suminf.    2.15523 (20) obj. -0.000444668 iterations 364
Cbc0038I Pass  13: (3.15 seconds) suminf.    1.67435 (19) obj. -0.000444668 iterations 291
Cbc0038I Pass  14: (3.18 seconds) suminf.    3.02538 (23) obj. -0.000444668 iterations 236
Cbc0038I Pass  15: (3.19 seconds) suminf.    2.88525 (20) obj. -0.000444668 iterations 50
Cbc0038I Pass  16: (3.20 seconds) suminf.    3.28790 (16) obj. -0.000444668 iterations 133
Cbc0038I Pass  17: (3.21 seconds) suminf.    1.01272 (6) obj. -0.000444668 iterations 77
Cbc0038I Pass  18: (3.22 seconds) suminf.    1.01272 (6) obj. -0.000444668 iterations 1
Cbc0038I Pass  19: (3.23 seconds) suminf.    1.80831 (18) obj. -0.000444668 iterations 123
Cbc0038I Pass  20: (3.26 seconds) suminf.    0.93703 (20) obj. -0.000444668 iterations 105
Cbc0038I Pass  21: (3.28 seconds) suminf.    1.93837 (19) obj. -0.000444668 iterations 179
Cbc0038I Pass  22: (3.31 seconds) suminf.    1.79006 (20) obj. -0.000444668 iterations 657
Cbc0038I Pass  23: (3.37 seconds) suminf.    1.45003 (17) obj. -0.000444668 iterations 728
Cbc0038I Pass  24: (3.38 seconds) suminf.    0.78304