== winners strategy study 2026-10-06 23:12:42 weeks [1, 2, 3, 4] nmax 1000 cross 500 test False cross_only True
W1: loaded from checkpoint
W2: loaded from checkpoint
W3: loaded from checkpoint
W4: loaded from checkpoint
== cross-week runs (from [2] to [1, 3, 4])
  rules of W2@environment on W1: oracle 259.76 (winner 274.0)
    W2@environment->W1: n=100 best 176.8 (winner 274.0) 32s
    W2@environment->W1: n=200 best 192.1 (winner 274.0) 106s
    W2@environment->W1: n=300 best 192.1 (winner 274.0) 245s
    W2@environment->W1: n=400 best 192.1 (winner 274.0) 440s
    W2@environment->W1: n=500 best 192.1 (winner 274.0) 709s
  rules of W2@environment on W3: oracle 226.8 (winner 239.8)
    W2@environment->W3: n=100 best 162.1 (winner 239.8) 49s
    W2@environment->W3: n=200 best 166.0 (winner 239.8) 159s
    W2@environment->W3: n=300 best 166.4 (winner 239.8) 324s
    W2@environment->W3: n=400 best 166.4 (winner 239.8) 571s
    W2@environment->W3: n=500 best 166.4 (winner 239.8) 929s
  rules of W2@environment on W4: oracle 260.52 (winner 234.2)
    W2@environment->W4: n=100 best 168.6 (winner 234.2) 31s
    W2@environment->W4: n=200 best 168.6 (winner 234.2) 116s
    W2@environment->W4: n=300 best 174.9 (winner 234.2) 264s
    W2@environment->W4: n=400 best 192.6 (winner 234.2) 482s
    W2@environment->W4: n=500 best 192.6 (winner 234.2) 754s
== done
