
=================== WEEK 1 ===================
        group              name pos team opp  sal  proj  market  td_prob  pown  matchup_pct  opp_rz_td  team_tot  spread depth_delta  vac_tgt  vac_car  actual  resid
 ours_instead           Jaguars DST  JAX CLE 3400  10.3     NaN      NaN   NaN          NaN        NaN       NaN     8.5        <NA>      NaN      NaN     NaN    NaN
 ours_instead       Bryce Young  QB  CAR CHI 5200  19.0    16.7     0.18   NaN         81.0        NaN     22.25    -3.0        <NA>      0.0      0.0    35.4   16.4
 ours_instead     Michael Mayer  TE   LV MIA 2900   7.8     8.2     0.30   NaN         86.0        NaN     21.75     3.0        <NA>      0.0      0.0     9.2    1.4
 ours_instead Amon-Ra St. Brown  WR  DET  NO 7500  18.2    18.2     0.52   NaN         28.0        NaN     28.25     7.0        <NA>      0.0      0.0    28.7   10.5
 ours_instead       Chris Olave  WR   NO DET 6700  15.7    16.7     0.39   NaN         87.0        NaN     21.25    -7.0        <NA>      0.0      0.0    31.2   15.5
 ours_instead     Devaughn Vele  WR   NO DET 3500   8.4     8.4     0.21   NaN         87.0        NaN     21.25    -7.0        <NA>      0.0      0.0    19.9   11.5
winner_MISSED          Steelers DST  PIT ATL 3300   8.5     NaN      NaN   NaN          NaN        NaN       NaN     6.0        <NA>      NaN      NaN     NaN    NaN
winner_MISSED       Jordan Love  QB   GB MIN 5700  19.8    16.9     0.10   NaN          3.0        NaN     22.00    -2.5        <NA>      0.0      0.0    24.5    4.7
winner_MISSED    Dallas Goedert  TE  PHI WAS 4100   8.8     9.0     0.32   NaN         84.0        NaN     25.25     6.0        <NA>      0.0      0.0    23.7   14.9
winner_MISSED       Jalen Coker  WR  CAR CHI 4600  10.1     8.7     0.25   NaN         84.0        NaN     22.25    -3.0        <NA>      0.0      0.0    36.8   26.7
winner_MISSED  Christian Watson  WR   GB MIN 5900  12.7    11.0     0.35   NaN          3.0        NaN     22.00    -2.5        <NA>      0.0      0.0    35.7   23.0
winner_MISSED          DJ Moore  WR  BUF HOU 5600  11.8     9.9     0.27   NaN         10.0        NaN     23.00     1.5        <NA>      0.0      0.0    24.0   12.2
winner_shared     Derrick Henry  RB  BAL IND 6700  16.5    15.7     0.67   NaN         22.0        NaN     25.50     3.5        <NA>      0.0      0.0    38.3   21.8
winner_shared      Jahmyr Gibbs  RB  DET  NO 8000  21.5    22.7     0.74   NaN         28.0        NaN     28.25     7.0        <NA>      0.0      0.0    37.6   16.1
winner_shared     D'Andre Swift  RB  CHI CAR 6100  15.5    14.2     0.57   NaN         73.0        NaN     25.25     3.0        <NA>      0.0      0.0    35.4   19.9
  -- pre-lock teammates Out (share >= .08) / in-game usage / teammates whose snaps collapsed:
  ours_instead  Bryce Young            out: - | snaps nan->0.9, usage/g nan->37.0, rz tgt 0 car 2 gl 0, TD 1, 20+ plays 0 | collapsed: -
  ours_instead  Michael Mayer          out: Brock Bowers TE Out (no prior share) | snaps nan->0.81, usage/g nan->7.0, rz tgt 1 car 0 gl 0, TD 0, 20+ plays 0 | collapsed: -
  ours_instead  Amon-Ra St. Brown      out: - | snaps nan->0.9, usage/g nan->14.0, rz tgt 4 car 0 gl 0, TD 2, 20+ plays 0 | collapsed: -
  ours_instead  Chris Olave            out: Audric Estimé RB Out (no prior share), Oscar Delp TE Out (no prior share) | snaps nan->0.86, usage/g nan->13.0, rz tgt 1 car 0 gl 0, TD 0, 20+ plays 4 | collapsed: -
  ours_instead  Devaughn Vele          out: Audric Estimé RB Out (no prior share), Oscar Delp TE Out (no prior share) | snaps nan->0.91, usage/g nan->9.0, rz tgt 1 car 0 gl 0, TD 1, 20+ plays 1 | collapsed: -
  winner_MISSED Jordan Love            out: - | snaps nan->1.0, usage/g nan->42.0, rz tgt 0 car 1 gl 0, TD 0, 20+ plays 0 | collapsed: -
  winner_MISSED Dallas Goedert         out: Eli Stowers TE Out (no prior share) | snaps nan->0.95, usage/g nan->5.0, rz tgt 2 car 0 gl 0, TD 2, 20+ plays 1 | collapsed: -
  winner_MISSED Jalen Coker            out: - | snaps nan->0.84, usage/g nan->9.0, rz tgt 1 car 0 gl 0, TD 2, 20+ plays 2 | collapsed: -
  winner_MISSED Christian Watson       out: - | snaps nan->0.76, usage/g nan->8.0, rz tgt 1 car 0 gl 0, TD 2, 20+ plays 2 | collapsed: -
  winner_MISSED DJ Moore               out: - | snaps nan->0.76, usage/g nan->8.0, rz tgt 0 car 0 gl 0, TD 1, 20+ plays 1 | collapsed: -
  winner_shared Derrick Henry          out: - | snaps nan->0.54, usage/g nan->24.0, rz tgt 0 car 6 gl 2, TD 3, 20+ plays 2 | collapsed: -
  winner_shared Jahmyr Gibbs           out: - | snaps nan->0.74, usage/g nan->29.0, rz tgt 0 car 8 gl 5, TD 2, 20+ plays 1 | collapsed: -
  winner_shared D'Andre Swift          out: - | snaps nan->0.57, usage/g nan->18.0, rz tgt 0 car 6 gl 3, TD 3, 20+ plays 2 | collapsed: -

=================== WEEK 2 ===================
        group                name pos team opp  sal  proj  market  td_prob  pown  matchup_pct  opp_rz_td  team_tot  spread depth_delta  vac_tgt  vac_car  actual  resid
 ours_instead            Panthers DST  CAR ATL 2700   7.0     NaN      NaN   NaN          NaN        NaN       NaN     2.5        <NA>      NaN      NaN     NaN    NaN
 ours_instead        Dak Prescott  QB  DAL WAS 6400  21.7    18.4     0.17   NaN         91.0        NaN     27.00     3.5           0     0.00     0.00    29.8    8.1
 ours_instead    Javonte Williams  RB  DAL WAS 6400  17.8    16.4     0.65   NaN         78.0        NaN     27.00     3.5           0     0.00     0.00     8.0   -9.8
 ours_instead        Bucky Irving  RB   TB CLE 6100  15.0    13.7     0.51   NaN         39.0        NaN     24.50     7.5           0     0.00     0.00    13.0   -2.0
 ours_instead Rhamondre Stevenson  RB   NE PIT 5700  14.5    12.7     0.49   NaN         47.0        NaN     23.50     5.5           0     0.00     0.00     4.6   -9.9
 ours_instead       Michael Mayer  TE   LV LAC 3600  10.5    11.8     0.30   NaN         27.0        NaN     18.25    -7.0           0     0.00     0.00     5.3   -5.2
 ours_instead    Justin Jefferson  WR  MIN CHI 7800  25.4    16.4     0.38   NaN         99.0        NaN     21.50    -4.5           0     0.04     0.06     8.5  -16.9
winner_MISSED            Patriots DST   NE PIT 3100   8.3     NaN      NaN   NaN          NaN        NaN       NaN     5.5        <NA>      NaN      NaN     NaN    NaN
winner_MISSED         Brock Purdy  QB   SF MIA 6200  21.4    18.5     0.25   NaN         80.0        NaN     29.00    13.5           0     0.00     0.00    28.5    7.1
winner_MISSED Christian McCaffrey  RB   SF MIA 8000  18.9    20.6     0.71   NaN         93.0        NaN     29.00    13.5           0     0.00     0.00    22.6    3.7
winner_MISSED        J.K. Dobbins  RB  DEN JAX 5000   8.9     8.9     0.48   NaN          3.0        NaN     24.25     3.0           0     0.00     0.00     3.6   -5.3
winner_MISSED       George Kittle  TE   SF MIA 4600   9.0     9.7     0.34   NaN         85.0        NaN     29.00    13.5           0     0.00     0.00    18.0    9.0
winner_MISSED         CeeDee Lamb  WR  DAL WAS 7300  16.6    16.5     0.48   NaN         82.0        NaN     27.00     3.5           0     0.00     0.00    38.3   21.7
winner_MISSED          Tre Tucker  WR   LV LAC 4500   8.6     8.7     0.25   NaN         15.0        NaN     18.25    -7.0           0     0.00     0.00    25.9   17.3
winner_shared      Dalton Schultz  TE  HOU CIN 3200  10.3     9.1     0.28   NaN         98.0        NaN     24.00     2.5           0     0.27     0.03    29.0   18.7
winner_shared  Jaxon Smith-Njigba  WR  SEA ARI 8100  17.4    17.5     0.42   NaN         45.0        NaN     22.00     3.5           0     0.00     0.00    45.5   28.1
  -- pre-lock teammates Out (share >= .08) / in-game usage / teammates whose snaps collapsed:
  ours_instead  Dak Prescott           out: - | snaps 1.0->1.0, usage/g nan->31.0, rz tgt 0 car 1 gl 0, TD 0, 20+ plays 0 | collapsed: -
  ours_instead  Javonte Williams       out: - | snaps 0.71->0.8, usage/g 12.0->12.0, rz tgt 1 car 3 gl 1, TD 0, 20+ plays 0 | collapsed: -
  ours_instead  Bucky Irving           out: - | snaps 0.61->0.78, usage/g 8.0->17.0, rz tgt 2 car 1 gl 0, TD 0, 20+ plays 1 | collapsed: -
  ours_instead  Rhamondre Stevenson    out: - | snaps 0.85->0.36, usage/g 18.0->6.0, rz tgt 0 car 0 gl 0, TD 0, 20+ plays 1 | collapsed: Rhamondre Stevenson RB 36% vs 85%, Eli Raridon TE 20% vs 54% [W3: Questionable Thigh]
  ours_instead  Michael Mayer          out: Brock Bowers TE Doubtful (no prior share) | snaps 0.81->0.84, usage/g 7.0->4.0, rz tgt 0 car 0 gl 0, TD 0, 20+ plays 0 | collapsed: -
  ours_instead  Justin Jefferson       out: Jauan Jennings WR Out (no prior share) | snaps 0.92->1.0, usage/g 10.0->6.0, rz tgt 1 car 0 gl 0, TD 0, 20+ plays 1 | collapsed: -
  winner_MISSED Brock Purdy            out: De'Zhaun Stribling WR Out (no prior share) | snaps 1.0->0.85, usage/g nan->22.0, rz tgt 0 car 1 gl 1, TD 1, 20+ plays 0 | collapsed: Demarcus Robinson WR 31% vs 63% [W3: Out Ankle]
  winner_MISSED Christian McCaffrey    out: De'Zhaun Stribling WR Out (no prior share) | snaps 0.55->0.52, usage/g 10.0->10.0, rz tgt 2 car 4 gl 4, TD 2, 20+ plays 0 | collapsed: Demarcus Robinson WR 31% vs 63% [W3: Out Ankle]
  winner_MISSED J.K. Dobbins           out: Marvin Mims Jr. WR Out (no prior share) | snaps 0.43->0.34, usage/g 8.0->10.0, rz tgt 0 car 3 gl 3, TD 0, 20+ plays 0 | collapsed: -
  winner_MISSED George Kittle          out: De'Zhaun Stribling WR Out (no prior share) | snaps 0.46->0.48, usage/g 5.0->4.0, rz tgt 2 car 0 gl 0, TD 1, 20+ plays 2 | collapsed: Demarcus Robinson WR 31% vs 63% [W3: Out Ankle]
  winner_MISSED CeeDee Lamb            out: - | snaps 0.81->0.75, usage/g 8.0->9.0, rz tgt 1 car 0 gl 0, TD 2, 20+ plays 4 | collapsed: -
  winner_MISSED Tre Tucker             out: Brock Bowers TE Doubtful (no prior share) | snaps 0.71->0.59, usage/g 4.0->7.0, rz tgt 0 car 0 gl 0, TD 1, 20+ plays 2 | collapsed: -
  winner_shared Dalton Schultz         out: Nico Collins WR Out (no prior share) | snaps 0.66->0.68, usage/g 8.0->14.0, rz tgt 0 car 0 gl 0, TD 0, 20+ plays 2 | collapsed: -
  winner_shared Jaxon Smith-Njigba     out: - | snaps 0.9->0.67, usage/g 11.0->11.0, rz tgt 3 car 0 gl 0, TD 3, 20+ plays 1 | collapsed: Cooper Kupp WR 43% vs 78% [W3: nan nan]

=================== WEEK 3 ===================
        group               name pos team opp  sal  proj  market  td_prob  pown  matchup_pct  opp_rz_td  team_tot  spread depth_delta  vac_tgt  vac_car  actual  resid
 ours_instead             Browns DST  CLE CAR 2500   6.9     NaN      NaN   0.0          NaN        NaN       NaN    -1.5        <NA>      NaN      NaN     NaN    NaN
 ours_instead Kenneth Walker III  RB   KC MIA 7400  20.2    19.8     0.67  28.1         98.0       0.25     27.75    10.0           0     0.00     0.00    21.3    1.1
 ours_instead     James Cook III  RB  BUF LAC 6900  16.1    15.8     0.64   5.8          8.0       0.15     28.75     7.0           0     0.00     0.00    23.4    7.3
 ours_instead  Parker Washington  WR  JAX  NE 6000  15.0    13.3     0.38   7.9         31.0       0.00     24.25     3.0           1     0.00     0.00    13.0   -2.0
winner_MISSED            Vikings DST  MIN  TB 3100   8.1     NaN      NaN   0.4          NaN        NaN       NaN     1.5        <NA>      NaN      NaN     NaN    NaN
winner_MISSED      Jaylen Warren  RB  PIT CIN 5700  12.2    15.9     0.47   2.9         90.0       0.22     19.50    -3.5           0     0.09     0.34    23.6   11.4
winner_MISSED Jaxon Smith-Njigba  WR  SEA WAS 8600  18.6    19.4     0.52   5.4         84.0       0.33     24.50     8.5           0     0.00     0.00    38.4   19.7
winner_MISSED   Jameson Williams  WR  DET NYJ 5400  14.0    11.7     0.40   8.6         35.0       0.33     27.50     6.5           0     0.00     0.00     8.9   -5.1
winner_shared         Geno Smith  QB  NYJ DET 4900  16.3    16.5     0.11   1.5         95.0       0.31     21.00    -6.5           0     0.07     0.00    30.0   13.7
winner_shared       Jahmyr Gibbs  RB  DET NYJ 8800  24.0    23.5     0.75  25.4         73.0       0.33     27.50     6.5           0     0.00     0.00    41.4   17.4
winner_shared       Kenyon Sadiq  TE  NYJ DET 3500   7.6     6.4     0.22   1.5         96.0       0.31     21.00    -6.5           1     0.07     0.00    26.5   18.9
winner_shared      Juwan Johnson  TE   NO  LV 3700   8.5     8.7     0.26   2.4          6.0       0.20     23.50     3.5           0     0.00     0.02    24.3   15.8
winner_shared     Garrett Wilson  WR  NYJ DET 6300  15.7    14.1     0.36   6.7         95.0       0.31     21.00    -6.5           0     0.07     0.00    29.7   14.0
  -- pre-lock teammates Out (share >= .08) / in-game usage / teammates whose snaps collapsed:
  ours_instead  Kenneth Walker III     out: - | snaps 0.75->0.73, usage/g 23.5->18.0, rz tgt 2 car 7 gl 1, TD 2, 20+ plays 1 | collapsed: -
  ours_instead  James Cook III         out: - | snaps 0.73->0.67, usage/g 17.0->24.0, rz tgt 0 car 3 gl 2, TD 1, 20+ plays 1 | collapsed: -
  ours_instead  Parker Washington      out: - | snaps 0.71->0.81, usage/g 9.0->5.0, rz tgt 3 car 0 gl 0, TD 1, 20+ plays 0 | collapsed: -
  winner_MISSED Jaylen Warren          out: Rico Dowdle RB Out (tgt 0.14/car 0.38) | snaps 0.54->0.9, usage/g 10.5->17.0, rz tgt 1 car 2 gl 0, TD 0, 20+ plays 3 | collapsed: Roman Wilson WR 39% vs 67%
  winner_MISSED Jaxon Smith-Njigba     out: - | snaps 0.78->0.87, usage/g 11.0->14.0, rz tgt 3 car 0 gl 0, TD 2, 20+ plays 2 | collapsed: -
  winner_MISSED Jameson Williams       out: - | snaps 0.9->0.82, usage/g 6.5->4.0, rz tgt 0 car 0 gl 0, TD 0, 20+ plays 1 | collapsed: -
  winner_shared Geno Smith             out: Kene Nwangwu RB Doubtful (no prior share), Mason Taylor TE Out (tgt 0.13/car 0.00) | snaps 1.0->1.0, usage/g nan->37.0, rz tgt 0 car 0 gl 0, TD 0, 20+ plays 0 | collapsed: -
  winner_shared Jahmyr Gibbs           out: - | snaps 0.78->0.69, usage/g 22.5->20.0, rz tgt 3 car 7 gl 2, TD 3, 20+ plays 0 | collapsed: -
  winner_shared Kenyon Sadiq           out: Kene Nwangwu RB Doubtful (no prior share), Mason Taylor TE Out (tgt 0.13/car 0.00) | snaps 0.39->0.58, usage/g 3.0->8.0, rz tgt 0 car 0 gl 0, TD 1, 20+ plays 2 | collapsed: -
  winner_shared Juwan Johnson          out: Barion Brown WR Out (tgt 0.00/car 0.04) | snaps 0.68->0.62, usage/g 5.5->8.0, rz tgt 2 car 0 gl 0, TD 2, 20+ plays 1 | collapsed: -
  winner_shared Garrett Wilson         out: Kene Nwangwu RB Doubtful (no prior share), Mason Taylor TE Out (tgt 0.13/car 0.00) | snaps 0.82->0.94, usage/g 7.0->13.0, rz tgt 1 car 0 gl 0, TD 1, 20+ plays 2 | collapsed: -

=================== WEEK 4 ===================
        group             name pos team opp  sal  proj  market  td_prob  pown  matchup_pct  opp_rz_td  team_tot  spread depth_delta  vac_tgt  vac_car  actual  resid
 ours_instead        Cardinals DST  ARI NYG 2500   7.9     NaN      NaN   6.6          NaN        NaN       NaN     2.5        <NA>      NaN      NaN     NaN    NaN
 ours_instead      Chase Brown  RB  CIN JAX 6100  18.2    15.6     0.59  16.1         17.0       0.07     27.00     2.5           0     0.02     0.00    19.1    0.9
 ours_instead  Aaron Jones Sr.  RB  MIN MIA 6000  18.1    16.7     0.60  15.9         99.0       0.33     24.25    10.0           0     0.27     0.00    16.8   -1.3
 ours_instead  Brenton Strange  TE  JAX CIN 3200   9.2     8.7     0.28   6.8         99.0       0.11     24.50    -2.5           0     0.00     0.00    16.5    7.3
 ours_instead       Puka Nacua  WR   LA PHI 7500  19.5    15.9     0.42   7.9         36.0       0.17     23.00     3.5           0     0.13     0.00    30.7   11.2
winner_MISSED          Jaguars DST  JAX CIN 2600   5.7     NaN      NaN   1.0          NaN        NaN       NaN    -2.5        <NA>      NaN      NaN     NaN    NaN
winner_MISSED   Kyren Williams  RB   LA PHI 5900  14.8    13.4     0.53   5.3         47.0       0.17     23.00     3.5           0     0.13     0.00    36.7   21.9
winner_MISSED Javonte Williams  RB  DAL HOU 6600  15.2    14.2     0.57   4.0          3.0       0.31     22.75    -3.0           0     0.00     0.00    31.3   16.1
winner_MISSED        Zach Ertz  TE  PHI  LA 3100   6.0     4.6     0.18   0.2         14.0       0.10     19.50    -3.5        <NA>     0.47     0.06     3.3   -2.7
winner_MISSED      Zay Flowers  WR  BAL TEN 6900  17.0    15.0     0.41   7.5         90.0       0.23     26.50    11.5           0     0.00     0.00    28.8   11.8
winner_shared     Dak Prescott  QB  DAL HOU 6400  20.3    18.4     0.12   2.6         42.0       0.31     22.75    -3.0           0     0.00     0.00    21.1    0.8
winner_shared   T.J. Hockenson  TE  MIN MIA 3300  11.4    10.6     0.36  12.8         91.0       0.33     24.25    10.0           0     0.27     0.00    27.9   16.5
winner_shared      CeeDee Lamb  WR  DAL HOU 7800  18.1    16.2     0.43   5.4         62.0       0.31     22.75    -3.0           0     0.00     0.00    44.3   26.2
winner_shared     Nico Collins  WR  HOU DAL 7200  17.6    15.5     0.42   5.3         94.0       0.24     25.75     3.0           0     0.00     0.00    33.8   16.2
  -- pre-lock teammates Out (share >= .08) / in-game usage / teammates whose snaps collapsed:
  ours_instead  Chase Brown            out: Colbie Young WR Out (tgt 0.02/car 0.00) | snaps 0.71->0.79, usage/g 16.3->9.0, rz tgt 0 car 1 gl 0, TD 0, 20+ plays 0 | collapsed: Drew Sample TE 26% vs 59%, Ja'Marr Chase WR 20% vs 94%
  ours_instead  Aaron Jones Sr.        out: Justin Jefferson WR Out (tgt 0.37/car 0.00) | snaps 0.69->0.73, usage/g 17.3->20.0, rz tgt 2 car 2 gl 0, TD 0, 20+ plays 0 | collapsed: -
  ours_instead  Brenton Strange        out: - | snaps 0.76->0.87, usage/g 3.3->8.0, rz tgt 0 car 0 gl 0, TD 0, 20+ plays 1 | collapsed: -
  ours_instead  Puka Nacua             out: Terrance Ferguson TE Out (no prior share) | snaps 0.7->0.9, usage/g 9.0->12.0, rz tgt 0 car 1 gl 1, TD 1, 20+ plays 2 | collapsed: Konata Mumpfield WR 27% vs 56%
  winner_MISSED Kyren Williams         out: Terrance Ferguson TE Out (no prior share) | snaps 0.63->0.83, usage/g 12.7->16.0, rz tgt 1 car 5 gl 1, TD 2, 20+ plays 1 | collapsed: Konata Mumpfield WR 27% vs 56%
  winner_MISSED Javonte Williams       out: - | snaps 0.76->0.74, usage/g 14.3->19.0, rz tgt 0 car 8 gl 5, TD 3, 20+ plays 0 | collapsed: -
  winner_MISSED Zach Ertz              out: Dallas Goedert TE Out (no prior share), DeVonta Smith WR Out (no prior share), Marquise Brown WR Out (no prior share) | snaps 0.38->0.21, usage/g 2.0->4.0, rz tgt 0 car 0 gl 0, TD 0, 20+ plays 0 | collapsed: Saquon Barkley RB 7% vs 53%
  winner_MISSED Zay Flowers            out: - | snaps 0.31->0.73, usage/g 6.0->10.0, rz tgt 2 car 0 gl 0, TD 1, 20+ plays 2 | collapsed: Durham Smythe TE 28% vs 57%, Rashod Bateman WR 47% vs 86%
  winner_shared Dak Prescott           out: - | snaps 1.0->1.0, usage/g nan->45.0, rz tgt 0 car 1 gl 1, TD 0, 20+ plays 0 | collapsed: -
  winner_shared T.J. Hockenson         out: Justin Jefferson WR Out (tgt 0.37/car 0.00) | snaps 0.73->0.83, usage/g 4.3->13.0, rz tgt 3 car 0 gl 0, TD 0, 20+ plays 2 | collapsed: -
  winner_shared CeeDee Lamb            out: - | snaps 0.79->0.86, usage/g 8.7->21.0, rz tgt 3 car 0 gl 0, TD 1, 20+ plays 2 | collapsed: -
  winner_shared Nico Collins           out: - | snaps 0.72->0.69, usage/g 10.0->8.0, rz tgt 1 car 0 gl 0, TD 2, 20+ plays 2 | collapsed: Xavier Hutchinson WR 31% vs 64%

=================== PART B: 545 skill player-weeks projected >= 5, four weeks; explosion = actual >= proj+10 and >= 1.8x proj; base rate 9.7% ===================
  matchup: opponent's points allowed to the position         low 7.7%  mid 7.2%  high 14.3%  (n 545; high-low by week {1: 0.109, 2: 0.041, 3: 0.047, 4: 0.07})
  opponent's red-zone TD rate allowed                        low 10.5%  mid 9.5%  high 12.8%  (n 256; high-low by week {3: 0.0, 4: 0.047})
  team implied total                                         low 8.7%  mid 10.6%  high 9.9%  (n 545; high-low by week {1: 0.065, 2: 0.02, 3: -0.065, 4: 0.023})
  props-implied projection minus the projection played       low 8.0%  mid 9.4%  high 13.5%  (n 514; high-low by week {1: 0.075, 2: 0.089, 3: 0.145, 4: -0.092})
  anytime-TD probability                                     low 6.1%  mid 11.2%  high 12.2%  (n 541; high-low by week {1: 0.109, 2: 0.042, 3: 0.045, 4: 0.047})
  the projection played (for reference)                      low 4.4%  mid 12.8%  high 12.1%  (n 545; high-low by week {1: 0.174, 2: 0.041, 3: 0.024, 4: 0.07})
  salary                                                     low 6.6%  mid 8.9%  high 13.7%  (n 545; high-low by week {1: 0.13, 2: 0.02, 3: 0.047, 4: 0.093})
  teammates Out vacate >= 10% of the own-type share (pre-lock) no 9.2% (n 487)  yes 13.8% (n 58)  yes-rate by week {1: None, 2: 0.125, 3: 0.136, 4: 0.143}
  moved up the depth chart this week (pre-lock)              no 9.9% (n 536)  yes 0.0% (n 9)  yes-rate by week {1: None, 2: 0.0, 3: 0.0, 4: 0.0}
  props-implied projection >= projection + 1.5 (pre-lock)    no 9.4% (n 533)  yes 25.0% (n 12)  yes-rate by week {1: 0.5, 2: 0.0, 3: 0.25, 4: None}
