== bonus-blocks replay 20261008T043833Z: code 37972da6, lab f69598b, files 3bf8eca2 82f454e9 e7b77399 fa807f8c 55a5c5a4 80a3b039 329ea2f1 0ca558bc 53208c3f 
  union w2 live rc 0 (0 refusal lines; ) 23:38:42
  union w2 cblock8 rc 0 (0 refusal lines; TERM BLOCK: 8 of 26 rows on projection + min(0.2 x pred_own, 2.0) from /home/erich/rehearsals/outside-teblocks-20261008T) 23:38:48
  union w2 teblock8 rc 0 (0 refusal lines; TERM BLOCK: 8 of 26 rows on projection + min(0.2 x pred_own, 2.0) from /home/erich/rehearsals/outside-teblocks-20261008T) 23:38:54
  union w2 cteblock8 rc 0 (0 refusal lines; TERM BLOCK: 8 of 26 rows on projection + min(0.2 x pred_own, 2.0) from /home/erich/rehearsals/outside-teblocks-20261008T) 23:39:00
  layout w2 live rc 0
  layout w2 cblock8 rc 0
  layout w2 teblock8 rc 0
  layout w2 cteblock8 rc 0
  union w3 live rc 0 (0 refusal lines; ) 23:39:10
  union w3 cblock8 rc 0 (0 refusal lines; TERM BLOCK: 8 of 26 rows on projection + min(0.2 x pred_own, 2.0) from /home/erich/rehearsals/outside-teblocks-20261008T) 23:39:20
  union w3 teblock8 rc 0 (0 refusal lines; TERM BLOCK: 8 of 26 rows on projection + min(0.2 x pred_own, 2.0) from /home/erich/rehearsals/outside-teblocks-20261008T) 23:39:29
  union w3 cteblock8 rc 0 (0 refusal lines; TERM BLOCK: 8 of 26 rows on projection + min(0.2 x pred_own, 2.0) from /home/erich/rehearsals/outside-teblocks-20261008T) 23:39:39
  layout w3 live rc 0
  layout w3 cblock8 rc 0
  layout w3 teblock8 rc 0
  layout w3 cteblock8 rc 0
  union w4 live rc 0 (0 refusal lines; ) 23:39:49
  union w4 cblock8 rc 0 (0 refusal lines; TERM BLOCK: 8 of 26 rows on projection + min(0.2 x pred_own, 2.0) from /home/erich/rehearsals/outside-teblocks-20261008T) 23:39:59
  union w4 teblock8 rc 0 (0 refusal lines; TERM BLOCK: 8 of 26 rows on projection + min(0.2 x pred_own, 2.0) from /home/erich/rehearsals/outside-teblocks-20261008T) 23:40:09
  union w4 cteblock8 rc 0 (0 refusal lines; TERM BLOCK: 8 of 26 rows on projection + min(0.2 x pred_own, 2.0) from /home/erich/rehearsals/outside-teblocks-20261008T) 23:40:18
  layout w4 live rc 0
  layout w4 cblock8 rc 0
  layout w4 teblock8 rc 0
  layout w4 cteblock8 rc 0
/home/erich/projects/nfl2/.venv/lib/python3.14/site-packages/google/cloud/bigquery/table.py:2128: UserWarning: BigQuery Storage module not found, fetch data with the REST endpoint instead.
/home/erich/projects/nfl2/.venv/lib/python3.14/site-packages/google/cloud/bigquery/table.py:2128: UserWarning: BigQuery Storage module not found, fetch data with the REST endpoint instead.
/home/erich/projects/nfl2/.venv/lib/python3.14/site-packages/google/cloud/bigquery/table.py:2128: UserWarning: BigQuery Storage module not found, fetch data with the REST endpoint instead.

              p_big1   e_big  mean_entry_pct  proj_sum_mean  best_row  rows_top1pct  distinct_players  rows_qb_te  rows_qb_pcte  term_rows_mean_pct  live_block_mean_pct  term_rows_best  term_rows_with_a_top5_bonus_player  rows_same_as_live
w2-live       0.0097  0.0098          0.4239         136.95    162.96           0.0              53.0        10.0           5.0                 NaN                  NaN             NaN                                 NaN                NaN
w2-cblock8    0.1120  0.1149          0.4486         136.47    162.96           0.0              53.0         9.0           5.0              0.5722               0.4180          161.46                                 0.0               16.0
w2-teblock8   0.0610  0.0620          0.4658         136.83    164.24           0.0              52.0         9.0           5.0              0.6169               0.4180          164.24                                 7.0               16.0
w2-cteblock8  0.0315  0.0315          0.4668         136.26    162.96           0.0              56.0         8.0           5.0              0.6722               0.4180          153.76                                 0.0               16.0
w3-live       0.0021  0.0021          0.5163         133.11    164.64           0.0              48.0         9.0           8.0                 NaN                  NaN             NaN                                 NaN                NaN
w3-cblock8    0.0178  0.0178          0.5002         132.40    164.64           0.0              50.0         7.0           5.0              0.2740               0.5572          140.04                                 0.0               15.0
w3-teblock8   0.0178  0.0178          0.5089         133.11    164.64           0.0              46.0        10.0           9.0              0.2713               0.5572          136.14                                 0.0               16.0
w3-cteblock8  0.0178  0.0178          0.4792         132.47    164.64           0.0              49.0         9.0           8.0              0.2038               0.5572          135.84                                 0.0               16.0
w4-live       0.2971  0.3025          0.5024         144.00    181.08           0.0              49.0        12.0           9.0                 NaN                  NaN             NaN                                 NaN                NaN
w4-cblock8    0.6597  0.8935          0.5698         143.70    181.08           0.0              48.0        12.0           9.0              0.7427               0.4668          174.28                                 0.0               17.0
w4-teblock8   0.6986  0.9009          0.5429         143.95    181.08           0.0              50.0        13.0          10.0              0.6674               0.4668          171.78                                 7.0               19.0
w4-cteblock8  0.7027  0.9144          0.5293         143.77    181.08           0.0              51.0        12.0           9.0              0.5975               0.4668          171.78                                 2.0               18.0
w2-cblock8 term positions [1, 4, 8, 11, 14, 17, 21, 24] top-5 bonus players ['Tyler Ott', 'Kenyon Sadiq', 'Jahdae Walker', 'Darren Waller', 'Dallen Bentley'] source {'source_sha256': '3bf8eca239cef10b85df780ac8081e36926f0dbc90387544bd8048f94e8a96c9', 'coverage_projected_5': 1.0, 'players_with_a_term': 109, 'players_capped': 0, 'cap_points': 2.0}
w2-teblock8 term positions [1, 4, 8, 11, 14, 17, 21, 24] top-5 bonus players ['Dallas Goedert', 'Mike Gesicki', 'Mark Andrews', 'Michael Mayer', 'Gunnar Helm'] source {'source_sha256': 'fa807f8c9fb8f2827936016c0207712ba848e529604bb43681d9684a9e0dc04b', 'coverage_projected_5': 1.0, 'players_with_a_term': 14, 'players_capped': 0, 'cap_points': 2.0}
w2-cteblock8 term positions [1, 4, 8, 11, 14, 17, 21, 24] top-5 bonus players ['Tyler Ott', 'Kenyon Sadiq', 'Jahdae Walker', 'Darren Waller', 'Dallen Bentley'] source {'source_sha256': '329ea2f1c6c731a52723cd735674522fdb0e6d215243225839733b1686c69612', 'coverage_projected_5': 1.0, 'players_with_a_term': 113, 'players_capped': 0, 'cap_points': 2.0}
w3-cblock8 term positions [1, 4, 8, 11, 14, 17, 21, 24] top-5 bonus players ['Isaac TeSlaa', 'Chris Moore', 'Ted Hurst III', 'Robert Tonyan', 'Darren Waller'] source {'source_sha256': '82f454e9ace0022360311e55f5795178f4612796511e787e3747e695ec82ed58', 'coverage_projected_5': 1.0, 'players_with_a_term': 143, 'players_capped': 0, 'cap_points': 2.0}
w3-teblock8 term positions [1, 4, 8, 11, 14, 17, 21, 24] top-5 bonus players ['Harold Fannin Jr.', 'Dalton Kincaid', 'Trey McBride', 'Michael Mayer', 'Isaiah Likely'] source {'source_sha256': '55a5c5a4fbff4e5f9010ca319c390324f3b915f8239f869285b9fbd98c95a117', 'coverage_projected_5': 1.0, 'players_with_a_term': 14, 'players_capped': 0, 'cap_points': 2.0}
w3-cteblock8 term positions [1, 4, 8, 11, 14, 17, 21, 24] top-5 bonus players ['Isaac TeSlaa', 'Chris Moore', 'Ted Hurst III', 'Robert Tonyan', 'Darren Waller'] source {'source_sha256': '0ca558bc359b92ca60019ae602bfee22efce4f3abc0dcf24107eb4ca4da5435d', 'coverage_projected_5': 1.0, 'players_with_a_term': 153, 'players_capped': 0, 'cap_points': 2.0}
w4-cblock8 term positions [1, 4, 8, 11, 14, 17, 21, 24] top-5 bonus players ['Zavion Thomas', 'James Winchester', 'Elic Ayomanor', 'Ted Hurst III', 'CJ Williams'] source {'source_sha256': 'e7b77399b6c8c8614cd6f5b5db757c9e36a5fb3e047ffec645ea81521fc0876d', 'coverage_projected_5': 1.0, 'players_with_a_term': 91, 'players_capped': 0, 'cap_points': 2.0}
w4-teblock8 term positions [1, 4, 8, 11, 14, 17, 21, 24] top-5 bonus players ['T.J. Hockenson', 'Brock Bowers', 'Cade Otton', 'Trey McBride', 'Michael Mayer'] source {'source_sha256': '80a3b039060263dc5f6148e547009fd140a5aedda9865e272cba5cb208af5d4e', 'coverage_projected_5': 1.0, 'players_with_a_term': 11, 'players_capped': 0, 'cap_points': 2.0}
w4-cteblock8 term positions [1, 4, 8, 11, 14, 17, 21, 24] top-5 bonus players ['Jahdae Walker', 'Andrew DePaola', 'Ted Hurst III', 'Ryan Flournoy', 'Elijah Sarratt'] source {'source_sha256': '53208c3f4ab669b1b7cd62d62a7166eeb610832afdeb8c71b2f6d5eedfa46ab9', 'coverage_projected_5': 1.0, 'players_with_a_term': 99, 'players_capped': 0, 'cap_points': 2.0}
== done 23:40:26; scratch /home/erich/rehearsals/outside-teblocks-20261008T043833Z; worktree /home/erich/projects/.nfl-predictions-worktrees/rehearsal-outside-teblocks-20261008T043833Z
